# Log file action to human readable action map file

# FIXME: these are the same action but are spelled differently.  Why?
reject_license=Licence Rejections
reject_licence=Licence Rejections

archive_item=Items Archived
view_bitstream=Bitstream Views
view_item=Item Views
view_collection=Collection Views
view_community=Community Views
login=User Logins
search=Searches Performed
oai_request=OAI Requests
items_by_author=Browse Items by Author
browse_author=Browse by Author
browse_title=Browse by Title
browse_date=Browse by Date
update_item=Item Updated
view_community_list=Community List Views
update_workspace_item=Workspace Item Views
update_bitstream=Bitstream Updates
add_bundle=Bundles Added
update_workflow_item=Workflow Item Updates
update_group=EPerson Group Updates
create_bitstream=Bitstreams Created
view_mydspace=User Home Page Views
update_bundle=Bundle Updates
add_bitstream=Bitstreams Added
create_bundle=Bundles Created
update_collection=Collection Updates
database_error=Database Errors
view_editcommunities=Community Edits
invalid_id=Invalid ID Requests
create_item=Items Created
view_workflow=Workflow Views
delete_workspace_item=Workspace Items Deleted
create_group=EPerson Groups Created
create_workspace_item=Workspace Items Created
select_collection=Collection to Submit to Selected
start_workflow=Workflow Starts
accept_license=Licences Accepted
claim_task=Tasks Claimed
add_item=Items Added
install_item=Items Installed
advance_workflow=Workflow Advanced One Stage
update_eperson=EPerson Record Updated
delete_bitstream=Bitstreams Deleted
remove_bitstream=Bitstreams Removed
remove_bundle=Bundles Removed
delete_bundle=Bundles Deleted
sendtoken_register=Registration Tokens Sent
failed_login=User Login Failures
update_community=Community Updates
remove_logo=Logos Removed
create_eperson=EPerson Accounts Created
usedtoken_register=Registration Token Used
oai_error=OAI Error
set_logo=Logos Uploaded
logout=User Logouts
delete_item=Items Deleted
create_collection=Collections Created
add_collection=Collections Added
view_own_submissions=User's Own Submissions Viewed
unclaim_workflow=Workflow Task Returned to Pool
edit_workflow_item=Workflow Items Edited
create_template_item=Item Templates Created
confirm_removal=Confirmations of Workspace Item Removal
remove_submission=Submissions Removed
delete_group=EPerson Groups Deleted
authorize_error=Authorisation Errors
return_to_workspace=Workflow Items Rejected to Workspace
abort_workflow=Workflow Aborted
subscribe=Subscribe for E-Mail Notification of Collection
delete_collection=Collections Deleted
remove_collection=Collections Removed
view_profile=User Profile Views
remove_item=Items Removed
unknown_email=E-Mail Address Unrecognised
integrity_error=System Integrity Error
create_community=Communities Created
upload_error=File Upload Errors
get_reject_reason=Reason for Workspace Item Rejection Completed
usedtoken_forgotpw=Forgotten Password Reset
already_registered=Attempted Re-register of Registered User
unsubscribe=Unsubscribe from E-Mail Updates
reject_workflow=Reject Workspace Item from Workflow
admin_only=Administrator Only Notifications
error_emailing=Sending E-Mail Error
sendtoken_forgotpw=Notifications of Forgotten Password
ERROR=System Error
search_exception=Lucene Search Exception
notifyOfArchive=Notification of Archived Item Sent
delete_community=Communities Deleted
bad_email=Bad E-Mail Addresses Supplied
bad_dc=Bad Dublin Core Field Error
add_subcommunity=Sub Community Added
remove_subcommunity=Sub Community Removed
show_feedback_form=Feedback Form Displayed
create_dc_type=New Dublin Core Type Created
remove_template_item=Item Template Removed
withdraw_item=Item Withdrawn